components/RecommendationQuiz.tsx(134,70): error TS2345: Argument of type 'Product' is not assignable to parameter of type 'ExtendedProduct'.
  Type 'Product' is missing the following properties from type 'ExtendedProduct': isAvailable, stock
